------------------------------------------------------------
Timing Analyzer Summary
------------------------------------------------------------

Type  : Slow 1100mV 85C Model Setup 'clk'
Slack : -6.384
TNS   : -622.067

Type  : Slow 1100mV 85C Model Setup 'LED_Animation:anim1|div[23]'
Slack : -3.042
TNS   : -21.643

Type  : Slow 1100mV 85C Model Setup 'ClockDivider:div1|clk_out'
Slack : -2.247
TNS   : -2.247

Type  : Slow 1100mV 85C Model Hold 'clk'
Slack : 0.223
TNS   : 0.000

Type  : Slow 1100mV 85C Model Hold 'LED_Animation:anim1|div[23]'
Slack : 0.873
TNS   : 0.000

Type  : Slow 1100mV 85C Model Hold 'ClockDivider:div1|clk_out'
Slack : 1.491
TNS   : 0.000

Type  : Slow 1100mV 85C Model Minimum Pulse Width 'clk'
Slack : -0.649
TNS   : -103.135

Type  : Slow 1100mV 85C Model Minimum Pulse Width 'LED_Animation:anim1|div[23]'
Slack : -0.394
TNS   : -6.769

Type  : Slow 1100mV 85C Model Minimum Pulse Width 'ClockDivider:div1|clk_out'
Slack : -0.394
TNS   : -0.571

Type  : Slow 1100mV 0C Model Setup 'clk'
Slack : -6.434
TNS   : -614.141

Type  : Slow 1100mV 0C Model Setup 'LED_Animation:anim1|div[23]'
Slack : -3.198
TNS   : -22.182

Type  : Slow 1100mV 0C Model Setup 'ClockDivider:div1|clk_out'
Slack : -2.445
TNS   : -2.445

Type  : Slow 1100mV 0C Model Hold 'clk'
Slack : 0.327
TNS   : 0.000

Type  : Slow 1100mV 0C Model Hold 'LED_Animation:anim1|div[23]'
Slack : 0.855
TNS   : 0.000

Type  : Slow 1100mV 0C Model Hold 'ClockDivider:div1|clk_out'
Slack : 1.675
TNS   : 0.000

Type  : Slow 1100mV 0C Model Minimum Pulse Width 'clk'
Slack : -0.660
TNS   : -111.764

Type  : Slow 1100mV 0C Model Minimum Pulse Width 'LED_Animation:anim1|div[23]'
Slack : -0.394
TNS   : -6.618

Type  : Slow 1100mV 0C Model Minimum Pulse Width 'ClockDivider:div1|clk_out'
Slack : -0.394
TNS   : -0.562

Type  : Fast 1100mV 85C Model Setup 'clk'
Slack : -4.396
TNS   : -292.009

Type  : Fast 1100mV 85C Model Setup 'LED_Animation:anim1|div[23]'
Slack : -1.365
TNS   : -9.186

Type  : Fast 1100mV 85C Model Setup 'ClockDivider:div1|clk_out'
Slack : -0.992
TNS   : -0.992

Type  : Fast 1100mV 85C Model Hold 'clk'
Slack : 0.103
TNS   : 0.000

Type  : Fast 1100mV 85C Model Hold 'LED_Animation:anim1|div[23]'
Slack : 0.408
TNS   : 0.000

Type  : Fast 1100mV 85C Model Hold 'ClockDivider:div1|clk_out'
Slack : 0.656
TNS   : 0.000

Type  : Fast 1100mV 85C Model Minimum Pulse Width 'clk'
Slack : -0.666
TNS   : -18.383

Type  : Fast 1100mV 85C Model Minimum Pulse Width 'LED_Animation:anim1|div[23]'
Slack : -0.067
TNS   : -0.657

Type  : Fast 1100mV 85C Model Minimum Pulse Width 'ClockDivider:div1|clk_out'
Slack : 0.027
TNS   : 0.000

Type  : Fast 1100mV 0C Model Setup 'clk'
Slack : -3.748
TNS   : -255.878

Type  : Fast 1100mV 0C Model Setup 'LED_Animation:anim1|div[23]'
Slack : -1.376
TNS   : -8.757

Type  : Fast 1100mV 0C Model Setup 'ClockDivider:div1|clk_out'
Slack : -1.044
TNS   : -1.044

Type  : Fast 1100mV 0C Model Hold 'clk'
Slack : -0.126
TNS   : -2.934

Type  : Fast 1100mV 0C Model Hold 'LED_Animation:anim1|div[23]'
Slack : 0.381
TNS   : 0.000

Type  : Fast 1100mV 0C Model Hold 'ClockDivider:div1|clk_out'
Slack : 0.734
TNS   : 0.000

Type  : Fast 1100mV 0C Model Minimum Pulse Width 'clk'
Slack : -0.640
TNS   : -18.420

Type  : Fast 1100mV 0C Model Minimum Pulse Width 'LED_Animation:anim1|div[23]'
Slack : -0.024
TNS   : -0.229

Type  : Fast 1100mV 0C Model Minimum Pulse Width 'ClockDivider:div1|clk_out'
Slack : 0.035
TNS   : 0.000

------------------------------------------------------------
